[backblue.gif]
[fade.gif]
[index.html]
[localhost/Motunau/feed/index.html]
[localhost/Motunau/comments/feed/index.html]
[localhost/Motunau/xmlrpc0db0.php]
[localhost/Motunau/wp-json/index.html]
[localhost/Motunau/wp-includes/wlwmanifest.xml]
[localhost/Motunau/wp-content/themes/twentytwentyone/assets/js/polyfills4963.js]
[localhost/Motunau/wp-content/themes/twentytwentyone/assets/js/responsive-embeds4963.js]
[localhost/Motunau/wp-includes/js/wp-embed.min40df.js]
[localhost/Motunau/index.html]
[localhost/Motunau/wp-includes/css/dist/block-library/style.min40df.css]
[localhost/Motunau/wp-includes/css/dist/block-library/theme.min40df.css]
[localhost/Motunau/wp-content/themes/twentytwentyone/style4963.css]
[localhost/Motunau/wp-content/themes/twentytwentyone/assets/css/print4963.css]
[localhost/Motunau/wp-includes/js/jquery/jquery.min9d52.js]
[localhost/Motunau/wp-includes/js/jquery/jquery-migrate.mind617.js]
[localhost/Motunau/2020/12/26/hello-world/feed/index.html]
[localhost/Motunau/wp-json/wp/v2/posts/1.json]
[localhost/Motunau/wp-json/oembed/1.0/embed252e.json]
[localhost/Motunau/wp-json/oembed/1.0/embed5125]
[localhost/Motunau/wp-content/uploads/essential-addons-elementor/734e5f942.min22b5.js]
[localhost/Motunau/wp-includes/js/comment-reply.min40df.js]
[localhost/Motunau/2020/12/26/hello-world/index.html]
[localhost/Motunau/wp-json/wp/v2/categories/1.json]
[localhost/Motunau/category/uncategorised/index.html]
[localhost/Motunau/category/uncategorised/feed/index.html]
[localhost/Motunau/Trident/index.html]
[localhost/Motunau/wp-content/uploads/essential-addons-elementor/734e5f942.min22b5.css]
[localhost/Motunau/indexcff1.html]
[localhost/Motunau/xmlrpc.php]
[localhost/Motunau/author/admin/feed/index.html]
[localhost/Motunau/wp-json/wp/v2/users/1.json]
[localhost/Motunau/author/admin/index.html]
[localhost/Motunau/wp-content/uploads/essential-addons-elementor/734e5f942.mine77a.js]
[localhost/Motunau/2020/12/26/hello-world/index6809.html]
[localhost/Motunau/2020/12/26/hello-world/Trident/index.html]
[localhost/Motunau/category/uncategorised/Trident/index.html]
[localhost/Motunau/wp-content/uploads/img/bg.html]
[localhost/Motunau/wp-content/uploads/essential-addons-elementor/734e5f942.mine77a.css]
[localhost/Motunau/author/admin/Trident/index.html]
