[backblue.gif]
[fade.gif]
[index.html]
[localhost/Motunau/feed/index.html]
[localhost/Motunau/comments/feed/index.html]
[localhost/Motunau/sample-page/feed/index.html]
[localhost/Motunau/wp-includes/js/jquery/jquery.min9d52.js]
[localhost/Motunau/wp-includes/js/jquery/jquery-migrate.mind617.js]
[localhost/Motunau/wp-json/wp/v2/pages/2.json]
[localhost/Motunau/wp-json/index.html]
[localhost/Motunau/xmlrpc0db0.php]
[localhost/Motunau/wp-includes/wlwmanifest.xml]
[localhost/Motunau/wp-json/oembed/1.0/embedf3d3.json]
[localhost/Motunau/wp-json/oembed/1.0/embedf0cf]
[localhost/Motunau/wp-content/uploads/2020/12/122579146_3542275872526363_5780681884022639449_n.jpg]
[localhost/Motunau/wp-content/themes/travel-insight/assets/uploads/bg-footer.png]
[localhost/Motunau/wp-content/themes/travel-insight/assets/js/slick.min40df.js]
[localhost/Motunau/wp-content/themes/travel-insight/assets/js/jquery-magnific-popup.min40df.js]
[localhost/Motunau/wp-content/themes/travel-insight/assets/js/isotope-pkgd.min40df.js]
[localhost/Motunau/wp-content/themes/travel-insight/assets/js/packery-mode-pkgd.min40df.js]
[localhost/Motunau/wp-content/themes/travel-insight/assets/js/jquery-parallax.min40df.js]
[localhost/Motunau/wp-content/themes/travel-insight/assets/js/skip-link-focus-fix.minb7d3.js]
[localhost/Motunau/wp-content/themes/travel-insight/assets/js/navigation.min4a7d.js]
[localhost/Motunau/wp-content/themes/travel-insight/assets/js/custom.min40df.js]
[localhost/Motunau/wp-includes/js/wp-embed.min40df.js]
[localhost/Motunau/index.html]
[localhost/Motunau/xmlrpc.php]
[localhost/Motunau/wp-includes/css/dist/block-library/style.min40df.css]
[localhost/Motunau/wp-includes/css/dist/block-library/theme.min40df.css]
[localhost/Motunau/wp-content/themes/travel-insight/assets/css/magnific-popup.min40df.css]
[localhost/Motunau/wp-content/themes/travel-insight/assets/css/blocks.min40df.css]
[localhost/Motunau/wp-content/themes/travel-insight/assets/css/slick.min40df.css]
[localhost/Motunau/wp-content/themes/travel-insight/assets/fonts/slick.woff]
[localhost/Motunau/wp-content/themes/travel-insight/assets/fonts/slick.ttf]
[localhost/Motunau/wp-content/themes/travel-insight/assets/css/slick-theme.min40df.css]
[localhost/Motunau/wp-content/themes/travel-insight/assets/uploads/left-arrow.png]
[localhost/Motunau/wp-content/themes/travel-insight/assets/uploads/right-arrow.png]
[localhost/Motunau/wp-content/themes/travel-insight/style40df.css]
[localhost/Motunau/wp-content/themes/travel-insight/assets/css/blue.min40df.css]
[localhost/Motunau/wp-admin/index.html]
[localhost/Motunau/wp-content/themes/travel-insight/assets/fonts/slickd41d.html]
[localhost/Motunau/wp-content/themes/travel-insight/assets/fonts/slick.html]
[localhost/Motunau/wp-content/themes/travel-insight/assets/uploads/arrow-right.svg]
[localhost/Motunau/wp-content/themes/travel-insight/assets/uploads/double-angle-pointing-to-right.svg]
[localhost/Motunau/wp-includes/js/zxcvbn-async.min5152.js]
[localhost/Motunau/wp-includes/js/dist/vendor/wp-polyfill.min89b1.js]
[localhost/Motunau/wp-includes/js/dist/vendor/wp-polyfill-fetch.min6e0e.js]
[localhost/Motunau/wp-includes/js/dist/vendor/wp-polyfill-node-contains.min2e00.js]
[localhost/Motunau/wp-includes/js/dist/vendor/wp-polyfill-dom-rect.min2e00.js]
[localhost/Motunau/wp-includes/js/dist/vendor/wp-polyfill-url.min5aed.js]
[localhost/Motunau/wp-includes/js/dist/vendor/wp-polyfill-formdata.mine9bd.js]
[localhost/Motunau/wp-includes/js/dist/vendor/wp-polyfill-element-closest.min4c56.js]
[localhost/Motunau/wp-includes/js/dist/i18n.min3a83.js]
[localhost/Motunau/wp-admin/js/password-strength-meter.min40df.js]
[localhost/Motunau/wp-includes/js/underscore.min4511.js]
[localhost/Motunau/wp-includes/js/wp-util.min40df.js]
[localhost/Motunau/wp-admin/js/user-profile.min40df.js]
[localhost/Motunau/wp-logine587.html]
[localhost/Motunau/wp-includes/fonts/dashicons7d4b.eot]
[localhost/Motunau/wp-includes/fonts/dashicons7d4b.ttf]
[localhost/Motunau/wp-includes/css/dashicons.min40df.css]
[localhost/Motunau/wp-includes/css/buttons.min40df.css]
[localhost/Motunau/wp-admin/images/loading.gif]
[localhost/Motunau/wp-admin/css/forms.min40df.css]
[localhost/Motunau/wp-admin/css/l10n.min40df.css]
[localhost/Motunau/wp-admin/images/w-logo-blue7a53.png]
[localhost/Motunau/wp-admin/css/login.min40df.css]
[localhost/Motunau/wp-loginc2b6.html]
[localhost/Motunau/wp-admin/images/wordpress-logo7d6b.svg]
[localhost/Motunau/wp-login.html]
