[backblue.gif]
[fade.gif]
[index.html]
[localhost/Motunau/feed/index.html]
[localhost/Motunau/comments/feed/index.html]
[localhost/Motunau/wp-includes/js/jquery/jquery.min9d52.js]
[localhost/Motunau/wp-includes/js/jquery/jquery-migrate.mind617.js]
[localhost/Motunau/wp-json/wp/v2/pages/8.json]
[localhost/Motunau/wp-json/index.html]
[localhost/Motunau/xmlrpc0db0.php]
[localhost/Motunau/wp-includes/wlwmanifest.xml]
[localhost/Motunau/wp-json/oembed/1.0/embedf3d3.json]
[localhost/Motunau/wp-json/oembed/1.0/embedf0cf]
[localhost/Motunau/wp-content/uploads/2020/12/122579146_3542275872526363_5780681884022639449_n.jpg]
[localhost/Motunau/wp-includes/js/comment-reply.min40df.js]
[localhost/Motunau/wp-content/themes/hestia/assets/bootstrap/js/bootstrap.min20b9.js]
[localhost/Motunau/wp-includes/js/jquery/ui/core.min35d0.js]
[localhost/Motunau/wp-content/themes/hestia/assets/js/script.min6173.js]
[localhost/Motunau/wp-includes/js/wp-embed.min40df.js]
[localhost/Motunau/index.html]
[localhost/Motunau/wp-content/themes/hestia/assets/bootstrap/css/bootstrap.min20b9.css]
[localhost/Motunau/wp-content/themes/hestia/assets/css/font-sizes.min6173.css]
[localhost/Motunau/wp-includes/css/dist/block-library/style.min40df.css]
[localhost/Motunau/wp-content/plugins/themeisle-companion/obfx_modules/gutenberg-blocks/assets/fontawesome/webfonts/fa-brands-400.eot]
[localhost/Motunau/wp-content/plugins/themeisle-companion/obfx_modules/gutenberg-blocks/assets/fontawesome/webfonts/fa-brands-400.woff2]
[localhost/Motunau/wp-content/plugins/themeisle-companion/obfx_modules/gutenberg-blocks/assets/fontawesome/webfonts/fa-brands-400d41d.eot]
[localhost/Motunau/wp-content/plugins/themeisle-companion/obfx_modules/gutenberg-blocks/assets/fontawesome/webfonts/fa-brands-400.woff]
[localhost/Motunau/wp-content/plugins/themeisle-companion/obfx_modules/gutenberg-blocks/assets/fontawesome/webfonts/fa-brands-400.ttf]
[localhost/Motunau/wp-content/plugins/themeisle-companion/obfx_modules/gutenberg-blocks/assets/fontawesome/webfonts/fa-regular-400.eot]
[localhost/Motunau/wp-content/plugins/themeisle-companion/obfx_modules/gutenberg-blocks/assets/fontawesome/webfonts/fa-regular-400.woff2]
[localhost/Motunau/wp-content/plugins/themeisle-companion/obfx_modules/gutenberg-blocks/assets/fontawesome/webfonts/fa-regular-400d41d.eot]
[localhost/Motunau/wp-content/plugins/themeisle-companion/obfx_modules/gutenberg-blocks/assets/fontawesome/webfonts/fa-regular-400.woff]
[localhost/Motunau/wp-content/plugins/themeisle-companion/obfx_modules/gutenberg-blocks/assets/fontawesome/webfonts/fa-regular-400.ttf]
[localhost/Motunau/wp-content/plugins/themeisle-companion/obfx_modules/gutenberg-blocks/assets/fontawesome/webfonts/fa-solid-900.eot]
[localhost/Motunau/wp-content/plugins/themeisle-companion/obfx_modules/gutenberg-blocks/assets/fontawesome/webfonts/fa-solid-900.woff2]
[localhost/Motunau/wp-content/plugins/themeisle-companion/obfx_modules/gutenberg-blocks/assets/fontawesome/webfonts/fa-solid-900d41d.eot]
[localhost/Motunau/wp-content/plugins/themeisle-companion/obfx_modules/gutenberg-blocks/assets/fontawesome/webfonts/fa-solid-900.woff]
[localhost/Motunau/wp-content/plugins/themeisle-companion/obfx_modules/gutenberg-blocks/assets/fontawesome/webfonts/fa-solid-900.ttf]
[localhost/Motunau/wp-content/plugins/themeisle-companion/obfx_modules/gutenberg-blocks/assets/fontawesome/css/all.minc27b.css]
[localhost/Motunau/wp-content/plugins/themeisle-companion/obfx_modules/gutenberg-blocks/assets/fontawesome/css/v4-shims.minc27b.css]
[localhost/Motunau/wp-content/plugins/themeisle-companion/obfx_modules/companion-legacy/assets/css/hestia/clients-bar40df.css]
[localhost/Motunau/wp-content/themes/hestia/style.min6173.css]
[localhost/Motunau/blog/index.html]
[localhost/Motunau/wp-json/wp/v2/pages/2.json]
[localhost/Motunau/sample-page/feed/index.html]
[localhost/Motunau/wp-json/oembed/1.0/embed470c.json]
[localhost/Motunau/wp-json/oembed/1.0/embedc71a]
[localhost/Motunau/sample-page/index.html]
[localhost/Motunau/wp-content/uploads/essential-addons-elementor/734e5f942.mind4f7.js]
[localhost/Motunau/wp-content/plugins/themeisle-companion/obfx_modules/gutenberg-blocks/assets/fontawesome/webfonts/fa-brands-400.svg]
[localhost/Motunau/wp-content/plugins/themeisle-companion/obfx_modules/gutenberg-blocks/assets/fontawesome/webfonts/fa-regular-400.svg]
[localhost/Motunau/wp-content/plugins/themeisle-companion/obfx_modules/gutenberg-blocks/assets/fontawesome/webfonts/fa-solid-900.svg]
[localhost/Motunau/wp-content/plugins/themeisle-companion/vendor/codeinwp/gutenberg-blocks/build/style8c67.css]
[localhost/Motunau/wp-json/wp/v2/categories/1.json]
[localhost/Motunau/category/uncategorised/index.html]
[localhost/Motunau/category/uncategorised/feed/index.html]
[localhost/Motunau/wp-json/wp/v2/posts/1.json]
[localhost/Motunau/2020/12/26/hello-world/feed/index.html]
[localhost/Motunau/wp-json/oembed/1.0/embed252e.json]
[localhost/Motunau/wp-json/oembed/1.0/embed5125]
[localhost/Motunau/2020/12/26/hello-world/index.html]
[localhost/Motunau/wp-content/themes/hestia/assets/img/placeholder.jpg]
[localhost/Motunau/author/admin/feed/index.html]
[localhost/Motunau/wp-json/wp/v2/users/1.json]
[localhost/Motunau/author/admin/index.html]
[localhost/Motunau/wp-content/uploads/themeisle-gutenberg/post-1-16089735868c67.css]
[localhost/Motunau/xmlrpc.php]
[localhost/Motunau/wp-content/uploads/essential-addons-elementor/734e5f942.mind4f7.css]
[localhost/Motunau/index905b.html]
[localhost/Motunau/wp-admin/index.html]
[localhost/Motunau/indexcff1.html]
[localhost/Motunau/2020/12/26/hello-world/index6809.html]
[localhost/Motunau/wp-content/uploads/img/bg.html]
[localhost/Motunau/wp-includes/js/zxcvbn-async.min5152.js]
[localhost/Motunau/wp-includes/js/dist/vendor/wp-polyfill.min89b1.js]
[localhost/Motunau/wp-includes/js/dist/vendor/wp-polyfill-fetch.min6e0e.js]
[localhost/Motunau/wp-includes/js/dist/vendor/wp-polyfill-node-contains.min2e00.js]
[localhost/Motunau/wp-includes/js/dist/vendor/wp-polyfill-dom-rect.min2e00.js]
[localhost/Motunau/wp-includes/js/dist/vendor/wp-polyfill-url.min5aed.js]
[localhost/Motunau/wp-includes/js/dist/vendor/wp-polyfill-formdata.mine9bd.js]
[localhost/Motunau/wp-includes/js/dist/vendor/wp-polyfill-element-closest.min4c56.js]
[localhost/Motunau/wp-includes/js/dist/i18n.min3a83.js]
[localhost/Motunau/wp-admin/js/password-strength-meter.min40df.js]
[localhost/Motunau/wp-includes/js/underscore.min4511.js]
[localhost/Motunau/wp-includes/js/wp-util.min40df.js]
[localhost/Motunau/wp-admin/js/user-profile.min40df.js]
[localhost/Motunau/wp-logine587.html]
[localhost/Motunau/wp-includes/fonts/dashicons7d4b.eot]
[localhost/Motunau/wp-includes/fonts/dashicons7d4b.ttf]
[localhost/Motunau/wp-includes/css/dashicons.min40df.css]
[localhost/Motunau/wp-includes/css/buttons.min40df.css]
[localhost/Motunau/wp-admin/images/loading.gif]
[localhost/Motunau/wp-admin/css/forms.min40df.css]
[localhost/Motunau/wp-admin/css/l10n.min40df.css]
[localhost/Motunau/wp-admin/images/w-logo-blue7a53.png]
[localhost/Motunau/wp-admin/css/login.min40df.css]
[localhost/Motunau/wp-loginc2b6.html]
[localhost/Motunau/wp-admin/images/wordpress-logo7d6b.svg]
[localhost/Motunau/wp-login.html]
